// Jest Snapshot v1, https://goo.gl/fbAQLP

exports[`Given a component Shop Then should have two children 1`] = `
<View
  style={
    Object {
      "flex": 1,
      "marginTop": 30,
    }
  }
>
  <View
    style={
      Object {
        "backgroundColor": "#fff",
        "elevation": 4,
        "flexDirection": "row",
        "height": 50,
        "shadowColor": "#000",
        "shadowOffset": Object {
          "height": 2,
          "width": 0,
        },
        "shadowOpacity": 0.23,
        "shadowRadius": 2.62,
        "width": 750,
      }
    }
  >
    <Image
      source={1}
      style={
        Object {
          "height": 40,
          "marginTop": 3,
          "width": 150,
        }
      }
    />
  </View>
  <Text>
    Welcome to Shop Detail!
  </Text>
</View>
`;

exports[`Given a component Shop Then should render correctlt 1`] = `
<View
  style={
    Object {
      "flex": 1,
      "marginTop": 30,
    }
  }
>
  <View
    style={
      Object {
        "backgroundColor": "#fff",
        "elevation": 4,
        "flexDirection": "row",
        "height": 50,
        "shadowColor": "#000",
        "shadowOffset": Object {
          "height": 2,
          "width": 0,
        },
        "shadowOpacity": 0.23,
        "shadowRadius": 2.62,
        "width": 750,
      }
    }
  >
    <Image
      source={1}
      style={
        Object {
          "height": 40,
          "marginTop": 3,
          "width": 150,
        }
      }
    />
  </View>
  <Text>
    Welcome to Shop Detail!
  </Text>
</View>
`;
