// Jest Snapshot v1, https://goo.gl/fbAQLP

exports[`Given a component TabBar It should match the snapshot 1`] = `
<ForwardRef(NavigationContainer)>
  <TabBar
    navigation={
      Object {
        "navigate": [MockFunction],
      }
    }
    state={
      Object {
        "routes": Array [
          Object {
            "key": 1,
            "name": "Home",
            "params": Object {
              "icon": "home",
            },
          },
          Object {
            "key": 2,
            "name": "Maps",
            "params": Object {
              "icon": "map",
            },
          },
          Object {
            "key": 3,
            "name": "User",
            "params": Object {
              "icon": "user",
            },
          },
        ],
      }
    }
  />
</ForwardRef(NavigationContainer)>
`;
