// Jest Snapshot v1, https://goo.gl/fbAQLP

exports[`Given a component TabNavigator renders the correct screen 1`] = `
<Provider
  store={
    Object {
      "clearActions": [Function],
      "dispatch": [Function],
      "getActions": [Function],
      "getState": [Function],
      "replaceReducer": [Function],
      "subscribe": [Function],
    }
  }
>
  <ForwardRef(NavigationContainer)>
    <TabNavigator />
  </ForwardRef(NavigationContainer)>
</Provider>
`;
