// Jest Snapshot v1, https://goo.gl/fbAQLP

exports[`Given a Connected React-Redux Home Component It should render with given state from Redux store 1`] = `
<Provider
  store={
    Object {
      "clearActions": [Function],
      "dispatch": [Function],
      "getActions": [Function],
      "getState": [Function],
      "replaceReducer": [Function],
      "subscribe": [Function],
    }
  }
>
  <Memo(Connect(Home))
    navigation={
      Object {
        "navigate": [MockFunction],
      }
    }
  />
</Provider>
`;
