// Jest Snapshot v1, https://goo.gl/fbAQLP

exports[`Given a component Shop It should match the snapshot 1`] = `
<Provider
  store={
    Object {
      "clearActions": [Function],
      "dispatch": [Function],
      "getActions": [Function],
      "getState": [Function],
      "replaceReducer": [Function],
      "subscribe": [Function],
    }
  }
>
  <Memo(Connect(Shop))
    navigation={
      Object {
        "goBack": [MockFunction],
        "navigate": [MockFunction],
      }
    }
    route={
      Object {
        "params": Object {
          "item": Object {
            "NewIn": Array [
              Object {
                "price": 119.9,
                "productImage": "https://cdn.shopify.com/s/files/1/0043/0804/1831/products/2059_image_4_5_front_2000x2500_crop_center.jpg?v=1614824553",
                "productName": "INKA GOLD PANTS",
                "url": "https://bravafabrics.com/products/inka-gold-pants",
              },
              Object {
                "price": 99.9,
                "productImage": "https://cdn.shopify.com/s/files/1/0043/0804/1831/products/2106_image_4_5_front_b95091e0-8724-4968-ba43-e1bfa00fe416_2000x2500_crop_center.jpg?v=1614789159",
                "productName": "MAI MAJOLICA DRESS",
                "url": "https://bravafabrics.com/products/mai-majolica-dress",
              },
              Object {
                "price": 74.9,
                "productImage": "https://cdn.shopify.com/s/files/1/0043/0804/1831/products/2006_image_4_5_front_28251a9e-1eb1-4b43-a8d8-b271966def02_2000x2500_crop_center.jpg?v=1614793112",
                "productName": "ALL NDEBELE SHIRT",
                "url": "https://bravafabrics.com/products/all-ndebele-shirt",
              },
            ],
            "_id": "343junx3dr2u",
            "address": "Parlament, 25 08015 Barcelona",
            "coverImage": "https://cdn.shopify.com/s/files/1/0043/0804/1831/files/cartela-web-EN_fdb23f61-d5dc-49e0-98f3-71fdb8298b3e_2000x.jpg?v=1614686668",
            "latlong": Object {
              "lat": 41.37644,
              "long": 2.16235,
            },
            "logoImage": "https://cdn.domestika.org/c_fill,dpr_auto,h_256,t_base_params.format_jpg,w_256/v1465550784/avatars/000/244/363/244363-original.png?1465550784",
            "phone": 931277197,
            "schedule": "Monday to Saturday 11h - 21h",
            "shopName": "Brava Fabrics",
            "type": Array [
              "clothes",
            ],
            "website": "https://bravafabrics.com/",
          },
        },
      }
    }
  />
</Provider>
`;
